files/102.csv
id,week,center_id,meal_id,checkout_price,base_price,emailer_for_promotion,homepage_featured,num_orders
1243457,5,102,1247,486.03,485.03,0,0,40
1176512,7,102,1247,484.03,484.03,0,0,13
1394602,8,102,1247,486.03,486.03,0,0,13
1318483,15,102,1247,454.93,455.93,0,0,13
1359726,16,102,1247,454.93,456.93,0,0,15
1127517,17,102,1247,454.93,454.93,0,0,27
1477340,18,102,1247,454.93,455.93,0,0,14
1367544,19,102,1247,485.03,485.03,0,0,15
1371500,20,102,1247,338.53,485.03,0,0,13
1235696,21,102,1247,486.03,485.03,0,0,26
1394134,23,102,1247,485.03,484.03,0,0,15
1403878,25,102,1247,486.03,484.03,0,0,14
1051769,29,102,1247,486.03,485.03,0,0,14
1132333,30,102,1247,485.03,486.03,0,0,13
1201625,32,102,1247,485.03,484.03,0,0,68
1135196,33,102,1247,485.03,486.03,0,0,15
1201032,37,102,1247,484.03,485.03,0,0,13
1263864,39,102,1247,485.03,484.03,0,0,13
1084001,42,102,1247,485.03,484.03,0,0,13
1491249,43,102,1247,486.03,485.03,0,0,14
1129196,44,102,1247,485.03,484.03,0,0,27
1277399,45,102,1247,486.03,485.03,0,0,13
1334158,51,102,1247,485.03,484.03,0,0,27
1003971,54,102,1247,436.53,485.03,0,0,14
1043281,55,102,1247,388.03,486.03,0,0,26
1352111,56,102,1247,387.03,484.03,0,0,15
1431238,58,102,1247,486.03,484.03,0,0,15
1382288,60,102,1247,446.23,445.23,0,0,40
1178921,63,102,1247,445.23,446.23,0,0,13
1090007,66,102,1247,445.23,446.23,0,0,15
1467026,68,102,1247,447.23,445.23,0,0,13
1290140,73,102,1247,445.23,445.23,0,0,26
1306401,74,102,1247,446.23,446.23,0,0,26
1036346,78,102,1247,447.23,447.23,0,0,13
1494109,79,102,1247,446.23,447.23,0,0,14
1038919,80,102,1247,446.23,446.23,0,0,40
1120824,81,102,1247,445.23,446.23,0,0,15
1435685,88,102,1247,446.23,447.23,0,0,27
1411299,89,102,1247,445.23,446.23,0,0,28
1374025,91,102,1247,447.23,446.23,0,0,26
1363437,92,102,1247,445.23,447.23,0,0,14
1481282,94,102,1247,446.23,447.23,0,0,26
1390454,95,102,1247,445.23,445.23,0,0,26
1129377,96,102,1247,447.23,445.23,0,0,15
1262196,97,102,1247,445.23,447.23,0,0,15
1418500,106,102,1247,388.03,445.23,0,0,13
1276042,108,102,1247,389.03,447.23,0,0,13
1144700,110,102,1247,446.23,446.23,0,0,28
1148795,114,102,1247,445.23,446.23,0,0,13
1040373,116,102,1247,446.23,446.23,0,0,14
1025141,120,102,1247,387.03,446.23,0,0,26
1208021,122,102,1247,389.03,446.23,0,0,27
1280559,123,102,1247,388.03,446.23,0,0,28
1383429,124,102,1247,445.23,447.23,0,0,13
1224246,128,102,1247,445.23,445.23,0,0,14
1098719,129,102,1247,446.23,445.23,0,0,28
1331171,135,102,1247,445.23,445.23,0,0,15
1128088,137,102,1247,388.03,445.23,0,0,15
1066624,138,102,1247,389.03,445.23,0,0,13
1134086,140,102,1247,388.03,446.23,0,0,26
1067228,141,102,1247,446.23,447.23,0,0,15
1206634,142,102,1247,445.23,445.23,0,0,15
1106868,6,102,2304,437.5,504.43,1,0,15
1198744,7,102,2304,436.5,503.43,1,1,55
1197098,8,102,2304,437.5,503.43,0,0,14
1428772,9,102,2304,438.5,503.43,0,0,28
1270506,10,102,2304,505.43,505.43,0,0,14
1045251,13,102,2304,505.43,504.43,0,0,13
1430163,14,102,2304,389.03,503.43,0,0,40
1063903,15,102,2304,388.03,504.43,1,1,13
1480943,16,102,2304,387.03,505.43,0,0,13
1358614,17,102,2304,389.03,503.43,0,0,26
1335964,18,102,2304,388.03,503.43,0,0,28
1122546,19,102,2304,388.03,504.43,0,0,26
1223457,20,102,2304,388.03,504.43,0,0,13
1188522,21,102,2304,504.43,504.43,0,0,15
1422112,22,102,2304,505.43,504.43,0,0,14
1419501,23,102,2304,505.43,505.43,0,0,15
1259930,26,102,2304,503.43,504.43,0,0,26
1143362,31,102,2304,389.03,504.43,0,0,15
1240053,32,102,2304,388.03,503.43,1,0,121
1347599,33,102,2304,387.03,505.43,1,0,14
1086143,34,102,2304,388.03,504.43,0,0,13
1090980,35,102,2304,388.03,504.43,0,0,14
1206339,36,102,2304,503.43,505.43,0,0,15
1273303,39,102,2304,465.63,466.63,0,0,26
1258607,40,102,2304,464.63,466.63,0,0,14
1465369,43,102,2304,388.03,464.63,1,0,121
1128563,44,102,2304,388.03,466.63,1,0,162
1410556,45,102,2304,389.03,465.63,0,0,13
1227357,47,102,2304,231.83,466.63,0,0,68
1222332,48,102,2304,465.63,464.63,0,0,27
1174350,49,102,2304,350.23,464.63,0,0,27
1357711,50,102,2304,466.63,464.63,0,0,15
1140202,51,102,2304,466.63,465.63,0,0,15
1036932,53,102,2304,464.63,464.63,0,0,14
1163478,54,102,2304,464.63,465.63,0,0,13
1463853,55,102,2304,388.03,464.63,1,0,53
1465398,56,102,2304,389.03,464.63,0,0,26
1107227,57,102,2304,389.03,465.63,0,0,14
1359260,58,102,2304,389.03,465.63,0,0,42
1092283,60,102,2304,515.13,515.13,0,0,28
1295947,68,102,2304,514.13,515.13,0,0,15
1244674,70,102,2304,515.13,515.13,0,0,27
1098474,72,102,2304,377.39,514.13,1,0,55
1082706,74,102,2304,389.03,515.13,0,0,14
1360772,75,102,2304,388.03,513.13,0,0,26
1067701,79,102,2304,513.13,515.13,0,0,13
1468770,80,102,2304,513.13,515.13,0,0,27
1121063,83,102,2304,389.03,513.13,1,0,80
1083647,84,102,2304,389.03,515.13,0,0,14
1012032,85,102,2304,387.03,513.13,0,0,14
1158120,86,102,2304,387.03,513.13,0,0,15
1492178,87,102,2304,514.13,514.13,0,0,15
1285863,89,102,2304,514.13,514.13,0,0,13
1136489,91,102,2304,513.13,513.13,0,0,13
1433892,92,102,2304,515.13,513.13,0,0,14
1163309,95,102,2304,474.39,472.39,0,0,27
1234197,97,102,2304,472.39,472.39,0,0,15
1435371,98,102,2304,474.39,474.39,0,0,55
1366379,100,102,2304,473.39,474.39,0,0,15
1093330,101,102,2304,473.39,473.39,0,0,26
1265522,102,102,2304,474.39,474.39,0,0,14
1405450,105,102,2304,473.39,473.39,0,0,26
1018460,106,102,2304,474.39,472.39,0,0,13
1123670,107,102,2304,473.39,472.39,0,0,40
1343635,110,102,2304,474.39,472.39,0,0,15
1042079,111,102,2304,474.39,472.39,0,0,15
1020432,113,102,2304,472.39,473.39,0,0,14
1102092,114,102,2304,472.39,474.39,0,0,28
1417068,115,102,2304,472.39,472.39,0,0,14
1246433,116,102,2304,474.39,474.39,0,0,13
1396768,117,102,2304,389.03,474.39,0,0,14
1023091,118,102,2304,387.03,474.39,0,0,40
1308667,120,102,2304,389.03,472.39,0,0,15
1328061,121,102,2304,468.51,469.51,0,0,28
1467047,122,102,2304,469.51,469.51,0,0,26
1207783,124,102,2304,469.51,468.51,0,0,15
1132718,125,102,2304,387.03,469.51,0,0,42
1010832,126,102,2304,388.03,469.51,0,0,41
1372878,127,102,2304,387.03,468.51,0,0,40
1375231,128,102,2304,389.03,469.51,0,0,26
1226365,129,102,2304,470.51,470.51,0,0,27
1123831,130,102,2304,470.51,468.51,0,0,28
1492640,131,102,2304,470.51,470.51,0,0,14
1119471,132,102,2304,468.51,470.51,0,0,15
1328866,133,102,2304,469.51,468.51,0,0,14
1124098,135,102,2304,482.09,482.09,0,0,14
1160899,137,102,2304,355.02,484.09,1,0,82
1040213,138,102,2304,389.03,484.09,0,0,27
1359410,139,102,2304,389.03,484.09,0,0,42
1365825,140,102,2304,484.09,482.09,0,0,28
1071003,141,102,2304,484.09,483.09,0,0,40
1072758,143,102,2304,484.09,484.09,0,0,15
1031963,17,102,2664,327.89,327.89,0,0,53
1340772,18,102,2664,328.89,326.89,0,0,40
1122375,19,102,2664,326.89,327.89,0,0,80
1366935,20,102,2664,281.36,326.89,0,0,123
1276170,21,102,2664,326.89,328.89,0,0,123
1119696,22,102,2664,326.89,327.89,0,0,175
1250998,23,102,2664,326.89,328.89,0,0,123
1184718,24,102,2664,327.89,326.89,0,0,107
1221971,25,102,2664,326.89,326.89,0,0,96
1421164,26,102,2664,327.89,326.89,0,0,150
1294218,27,102,2664,246.38,327.89,0,0,271
1204126,28,102,2664,317.25,316.25,0,0,189
1428681,29,102,2664,327.89,327.89,0,0,269
1344609,30,102,2664,327.89,327.89,0,0,175
1119127,31,102,2664,327.89,328.89,0,0,82
1398965,32,102,2664,327.89,328.89,0,0,338
1300259,33,102,2664,326.89,327.89,0,0,107
1055392,34,102,2664,327.89,327.89,0,0,189
1351802,35,102,2664,328.89,328.89,0,0,148
1153083,36,102,2664,328.89,328.89,0,0,67
1281599,37,102,2664,249.35,327.89,1,0,474
1010700,38,102,2664,327.89,326.89,0,0,53
1322709,39,102,2664,327.89,326.89,0,0,135
1497059,40,102,2664,327.89,327.89,0,0,136
1011544,41,102,2664,328.89,326.89,0,0,107
1349116,42,102,2664,327.89,326.89,0,0,474
1352015,43,102,2664,328.89,328.89,0,0,162
1151769,44,102,2664,328.89,328.89,0,0,204
1493730,45,102,2664,326.89,326.89,0,0,135
1316898,46,102,2664,326.89,327.89,0,0,136
1476406,47,102,2664,328.89,326.89,0,0,122
1007208,48,102,2664,327.89,327.89,0,0,148
1013970,49,102,2664,328.89,326.89,0,0,108
1010897,50,102,2664,328.89,327.89,0,0,95
1035440,51,102,2664,328.89,328.89,0,0,190
1276369,52,102,2664,328.89,328.89,0,0,202
1413900,53,102,2664,326.89,327.89,0,0,258
1300697,54,102,2664,328.89,326.89,0,0,189
1332125,55,102,2664,327.89,327.89,0,0,270
1362187,56,102,2664,268.75,327.89,1,1,1027
1467216,57,102,2664,270.66,327.89,1,1,742
1147538,58,102,2664,326.89,327.89,0,0,190
1484019,59,102,2664,327.89,326.89,0,0,297
1437152,60,102,2664,328.89,328.89,0,0,258
1284952,61,102,2664,326.89,328.89,0,0,215
1484730,62,102,2664,326.89,326.89,0,0,107
1492213,63,102,2664,327.89,327.89,0,0,177
1202487,64,102,2664,328.89,328.89,0,0,242
1410027,65,102,2664,327.89,328.89,0,0,365
1160483,66,102,2664,328.89,327.89,0,0,203
1107492,67,102,2664,326.89,327.89,0,0,189
1113644,68,102,2664,328.89,326.89,0,0,393
1168437,69,102,2664,328.89,328.89,0,0,485
1209907,70,102,2664,328.89,328.89,0,0,215
1093304,71,102,2664,328.89,328.89,0,0,271
1260839,72,102,2664,328.89,326.89,0,0,298
1059189,73,102,2664,328.89,327.89,0,0,323
1219841,74,102,2664,327.89,327.89,0,0,365
1362473,75,102,2664,327.89,327.89,0,0,242
1463366,76,102,2664,326.89,326.89,0,0,204
1183844,77,102,2664,327.89,326.89,0,0,258
1251597,78,102,2664,316.22,316.22,0,0,365
1362778,79,102,2664,309.43,311.43,0,0,296
1113322,80,102,2664,309.43,310.43,0,0,121
1021514,81,102,2664,310.43,311.43,0,0,283
1286466,82,102,2664,261.96,311.43,1,1,838
1469533,83,102,2664,311.43,310.43,0,0,298
1261022,84,102,2664,310.43,309.43,0,0,377
1062804,85,102,2664,309.43,311.43,0,0,231
1442761,86,102,2664,310.43,311.43,0,0,230
1419079,87,102,2664,311.43,311.43,0,0,458
1325540,88,102,2664,309.43,310.43,0,0,242
1270196,89,102,2664,309.43,310.43,0,0,325
1329190,90,102,2664,309.43,309.43,0,0,217
1114636,91,102,2664,309.43,310.43,0,0,528
1057117,92,102,2664,310.43,310.43,0,0,325
1482129,93,102,2664,310.43,309.43,0,0,258
1122908,94,102,2664,310.43,311.43,0,0,285
1231330,95,102,2664,310.43,311.43,0,0,460
1106833,96,102,2664,311.43,311.43,0,0,460
1394380,97,102,2664,311.43,310.43,0,0,216
1273149,98,102,2664,309.43,310.43,0,0,269
1379521,99,102,2664,311.43,311.43,0,0,418
1466153,100,102,2664,309.43,310.43,0,0,393
1247293,101,102,2664,309.43,309.43,0,0,298
1006296,102,102,2664,309.43,309.43,0,0,243
1034656,103,102,2664,311.43,309.43,0,0,256
1017958,104,102,2664,310.43,311.43,0,0,568
1118766,105,102,2664,311.43,311.43,0,0,338
1011134,106,102,2664,311.43,309.43,0,0,447
1430966,107,102,2664,311.43,311.43,0,0,405
1083263,108,102,2664,309.43,309.43,0,0,663
1044683,109,102,2664,310.43,310.43,0,0,324
1434701,110,102,2664,310.43,309.43,0,0,393
1377430,111,102,2664,310.43,309.43,0,0,339
1222909,112,102,2664,311.43,309.43,0,0,539
1146094,113,102,2664,311.43,310.43,0,0,324
1425314,114,102,2664,310.43,311.43,0,0,323
1308735,115,102,2664,255.17,311.43,1,1,540
1103062,116,102,2664,258.05,309.43,0,1,459
1179180,117,102,2664,311.43,311.43,0,0,676
1203624,118,102,2664,311.43,310.43,0,0,366
1299695,119,102,2664,310.43,311.43,0,0,458
1301644,120,102,2664,310.43,311.43,0,0,420
1258894,121,102,2664,310.43,310.43,0,0,648
1200979,122,102,2664,309.43,309.43,0,0,392
1018605,123,102,2664,311.43,309.43,0,0,258
1406349,124,102,2664,311.43,310.43,0,0,365
1314732,125,102,2664,309.43,309.43,0,0,446
1448455,126,102,2664,332.71,334.71,0,0,689
1060177,127,102,2664,338.53,339.53,0,0,391
1175790,128,102,2664,339.53,338.53,0,0,420
1353905,129,102,2664,338.53,339.53,0,0,404
1194714,130,102,2664,340.53,338.53,0,0,419
1339469,131,102,2664,340.53,339.53,0,0,337
1492802,132,102,2664,338.53,340.53,0,0,243
1087246,133,102,2664,340.53,339.53,0,0,312
1228511,134,102,2664,340.53,338.53,0,0,311
1109705,135,102,2664,340.53,338.53,0,0,123
1247395,136,102,2664,314.34,314.34,0,0,176
1206461,137,102,2664,292.03,291.03,0,0,95
1294159,138,102,2664,338.53,340.53,0,0,95
1425212,139,102,2664,340.53,340.53,0,0,339
1004321,140,102,2664,325.01,324.01,0,0,135
1369585,141,102,2664,320.16,320.16,0,0,243
1414022,142,102,2664,314.31,313.31,0,0,271
1328237,143,102,2664,322.07,321.07,0,0,690
1041189,144,102,2664,251.23,322.07,1,1,689
1121906,145,102,2664,255.17,322.07,0,0,500
1463955,19,102,2569,327.89,326.89,0,0,27
1267130,20,102,2569,326.89,328.89,0,0,215
1139942,21,102,2569,326.89,326.89,0,0,311
1202818,22,102,2569,328.89,328.89,0,0,149
1314934,23,102,2569,328.89,326.89,0,0,150
1398173,24,102,2569,328.89,328.89,0,0,162
1244984,25,102,2569,328.89,327.89,0,0,176
1190979,26,102,2569,327.89,328.89,0,0,177
1388924,27,102,2569,243.5,328.89,0,0,365
1266543,28,102,2569,317.25,317.25,0,0,176
1075210,29,102,2569,326.89,328.89,0,0,135
1314414,30,102,2569,327.89,327.89,0,0,242
1078624,31,102,2569,327.89,326.89,0,0,150
1497833,32,102,2569,326.89,326.89,0,0,337
1057713,33,102,2569,328.89,327.89,0,0,108
1466928,34,102,2569,326.89,326.89,0,0,338
1074072,35,102,2569,327.89,326.89,0,0,324
1285455,36,102,2569,328.89,326.89,0,0,257
1231549,37,102,2569,248.38,326.89,1,0,634
1473097,38,102,2569,327.89,328.89,0,0,177
1079205,39,102,2569,328.89,326.89,0,0,149
1053887,40,102,2569,326.89,326.89,0,0,258
1158109,41,102,2569,326.89,326.89,0,0,217
1474560,42,102,2569,327.89,327.89,0,0,458
1237854,43,102,2569,328.89,327.89,0,0,285
1472426,44,102,2569,326.89,328.89,0,0,176
1390725,45,102,2569,328.89,326.89,0,0,107
1183022,46,102,2569,327.89,328.89,0,0,176
1289055,47,102,2569,327.89,328.89,0,0,176
1356660,48,102,2569,326.89,326.89,0,0,256
1333709,49,102,2569,326.89,326.89,0,0,204
1172295,50,102,2569,327.89,326.89,0,0,231
1387091,51,102,2569,327.89,327.89,0,0,69
1355423,52,102,2569,327.89,327.89,0,0,244
1385099,53,102,2569,327.89,328.89,0,0,431
1126586,54,102,2569,328.89,327.89,0,0,432
1365792,55,102,2569,328.89,326.89,0,0,269
1492113,56,102,2569,273.54,328.89,1,1,1688
1365424,57,102,2569,271.63,327.89,1,1,1391
1243591,58,102,2569,328.89,327.89,0,1,323
1485440,59,102,2569,328.89,327.89,0,0,514
1435825,60,102,2569,327.89,326.89,0,0,648
1219152,61,102,2569,327.89,326.89,0,0,458
1236063,62,102,2569,327.89,327.89,0,0,258
1424962,63,102,2569,328.89,327.89,0,0,311
1076257,64,102,2569,328.89,326.89,0,0,271
1423617,65,102,2569,307.52,308.52,0,0,527
1285570,66,102,2569,326.89,326.89,0,0,406
1181831,67,102,2569,326.89,328.89,0,0,391
1480516,68,102,2569,327.89,328.89,0,0,418
1249046,69,102,2569,326.89,328.89,0,0,728
1143500,70,102,2569,327.89,327.89,0,0,243
1323695,71,102,2569,327.89,326.89,0,0,485
1349744,72,102,2569,327.89,326.89,0,0,553
1399884,73,102,2569,326.89,327.89,0,0,663
1280126,74,102,2569,326.89,326.89,0,0,459
1113437,75,102,2569,318.16,319.16,0,0,474
1281502,76,102,2569,328.89,328.89,0,0,324
1380253,77,102,2569,327.89,327.89,0,0,379
1468575,78,102,2569,318.19,319.19,0,0,649
1094346,79,102,2569,309.43,309.43,0,0,377
1418761,80,102,2569,310.43,309.43,0,0,270
1194034,81,102,2569,309.43,309.43,0,0,553
1165352,82,102,2569,255.11,311.43,1,1,1430
1170239,83,102,2569,304.64,302.64,0,0,622
1112079,84,102,2569,309.43,311.43,0,0,568
1263796,85,102,2569,309.43,309.43,0,0,445
1086845,86,102,2569,311.43,311.43,0,0,582
1387951,87,102,2569,310.43,309.43,0,0,837
1056413,88,102,2569,311.43,310.43,0,0,296
1192144,89,102,2569,309.43,309.43,0,0,270
1260768,90,102,2569,309.43,310.43,0,0,474
1455541,91,102,2569,309.43,311.43,0,0,459
1086851,92,102,2569,310.43,311.43,0,0,622
1254857,93,102,2569,311.43,310.43,0,0,458
1192905,94,102,2569,311.43,311.43,0,0,365
1048293,95,102,2569,309.43,309.43,0,0,593
1426485,96,102,2569,309.43,310.43,0,0,404
1160824,97,102,2569,310.43,311.43,0,0,540
1466365,98,102,2569,311.43,309.43,0,0,297
1037126,99,102,2569,311.43,310.43,0,0,485
1226994,100,102,2569,311.43,310.43,0,0,514
1175033,101,102,2569,309.43,310.43,0,0,499
1433671,102,102,2569,311.43,311.43,0,0,377
1426675,103,102,2569,310.43,311.43,0,0,378
1307646,104,102,2569,309.43,309.43,0,0,473
1121172,105,102,2569,311.43,311.43,0,0,636
1382723,106,102,2569,310.43,309.43,0,0,420
1460169,107,102,2569,311.43,309.43,0,0,418
1398956,108,102,2569,309.43,311.43,0,0,595
1398687,109,102,2569,311.43,310.43,0,0,350
1321092,110,102,2569,311.43,310.43,0,0,487
1377121,111,102,2569,311.43,311.43,0,0,284
1296122,112,102,2569,310.43,309.43,0,0,553
1227831,113,102,2569,310.43,310.43,0,0,554
1001376,114,102,2569,311.43,311.43,0,0,474
1476487,115,102,2569,243.5,310.43,1,1,663
1236261,116,102,2569,247.38,309.43,0,1,540
1205518,117,102,2569,310.43,311.43,0,0,729
1199505,118,102,2569,309.43,311.43,0,0,539
1029708,119,102,2569,311.43,310.43,0,0,393
1248570,120,102,2569,311.43,309.43,0,0,432
1321480,121,102,2569,309.43,309.43,0,0,742
1171831,122,102,2569,309.43,310.43,0,0,593
1466654,123,102,2569,309.43,311.43,0,0,352
1038661,124,102,2569,311.43,309.43,0,0,635
1457337,125,102,2569,310.43,311.43,0,0,512
1221692,126,102,2569,333.74,331.74,0,0,701
1132657,127,102,2569,340.53,338.53,0,0,458
1233156,128,102,2569,339.53,340.53,0,0,500
1199091,129,102,2569,338.53,339.53,0,0,420
1322456,130,102,2569,339.53,338.53,0,0,567
1175975,131,102,2569,338.53,338.53,0,0,284
1359688,132,102,2569,335.68,334.68,0,0,433
1133271,133,102,2569,339.53,339.53,0,0,420
1379800,134,102,2569,339.53,339.53,0,0,648
1134929,135,102,2569,338.53,340.53,0,0,513
1099166,136,102,2569,329.83,330.83,0,0,459
1150932,137,102,2569,338.53,338.53,0,0,391
1281539,138,102,2569,340.53,339.53,0,0,567
1071129,139,102,2569,338.53,338.53,0,0,879
1356673,140,102,2569,325.01,324.01,0,0,432
1173870,141,102,2569,323.07,321.07,0,0,527
1390261,142,102,2569,323.07,322.07,0,0,418
1498221,143,102,2569,323.07,322.07,0,0,688
1081419,144,102,2569,260.99,323.07,1,1,1079
1030604,145,102,2569,260.99,323.07,0,0,581
